Microchip MPLAB XC8 Compiler V1.36 ()

Linker command line:

--edf=C:\Program Files (x86)\Microchip\xc8\v1.36\dat\en_msgs.txt -cs \
  -h+dist/XC8_18F87K22/production\Rover.X.production.sym \
  --cmf=dist/XC8_18F87K22/production\Rover.X.production.cmf -z -Q18F45K20 \
  -oC:\Users\jorge\AppData\Local\Temp\segc.2 \
  -Mdist/XC8_18F87K22/production/Rover.X.production.map -E1 -ver=XC8 \
  -ASTACK=0CBh-05ffh -pstack=STACK -ACODE=00h-07FFFh -ACONST=00h-07FFFh \
  -ASMALLCONST=0600h-06FFhx122 -AMEDIUMCONST=0600h-07FFFh -ACOMRAM=01h-05Fh \
  -AABS1=00h-05FFh -ABIGRAM=01h-05FFh -ARAM=060h-0FFh,0100h-01FFhx5 \
  -ABANK0=060h-0FFh -ABANK1=0100h-01FFh -ABANK2=0200h-02FFh \
  -ABANK3=0300h-03FFh -ABANK4=0400h-04FFh -ABANK5=0500h-05FFh \
  -ASFR=0F60h-0FFFh \
  -preset_vec=00h,intcode=08h,intcodelo,powerup,init,end_init \
  -pramtop=0600h -psmallconst=SMALLCONST -pmediumconst=MEDIUMCONST \
  -pconst=CONST -AFARRAM=00h-00h -ACONFIG=0300000h-030000Dh -pconfig=CONFIG \
  -AIDLOC=0200000h-0200007h -pidloc=IDLOC -AEEDATA=0F00000h-0F000FFh \
  -peeprom_data=EEDATA \
  -prdata=COMRAM,nvrram=COMRAM,nvbit=COMRAM,rbss=COMRAM,rbit=COMRAM \
  -pfarbss=FARRAM,fardata=FARRAM,nvFARRAM=FARRAM \
  -pintsave_regs=BIGRAM,bigbss=BIGRAM,bigdata=BIGRAM -pbss=RAM \
  -pidata=CODE,irdata=CODE,ibigdata=CODE,ifardata=CODE -prparam=COMRAM \
  C:\Users\jorge\AppData\Local\Temp\segc.obj \
  dist/XC8_18F87K22/production\Rover.X.production.obj 

Object code version is 3.11

Machine type is 18F45K20

Call graph: (short form)




                Name                               Link     Load   Length Selector   Space Scale
C:\Users\jorge\AppData\Local\Temp\segc.obj
                end_init                            212      212        4        4       0
                reset_vec                             0        0        4        0       0
                idloc                            200000   200000        8   200000       0
                config                           300000   300000        E   300000       0
dist/XC8_18F87K22/production\Rover.X.production.obj
                intcode                               8        8      20A        4       0
                temp                                 5F       5F        1        1       1
                smallconst                          600      600       3E      300       0
                text54                             18D4     18D4       1A      31F       0
                text53                             196A     196A        A      31F       0
                text52                             1960     1960        A      31F       0
                text51                             18B6     18B6       1E      31F       0
                text50                              DF8      DF8       AE      31F       0
                text49                              63E      63E      1AC      31F       0
                text48                              B64      B64       F4      31F       0
                text47                              A70      A70       F4      31F       0
                text46                             1874     1874       24      31F       0
                text45                              FC6      FC6       86      31F       0
                text44                             1230     1230       72      31F       0
                text43                             11BE     11BE       72      31F       0
                text42                             1616     1616       40      31F       0
                text41                             15D6     15D6       40      31F       0
                text40                             1596     1596       40      31F       0
                text39                             104C     104C       84      31F       0
                text38                             12A2     12A2       70      31F       0
                text37                              972      972       FE      31F       0
                text36                              F38      F38       8E      31F       0
                text35                             1312     1312       66      31F       0
                text34                             1148     1148       76      31F       0
                text33                              D36      D36       C2      31F       0
                text32                             1912     1912       12      31F       0
                text31                             1900     1900       12      31F       0
                text30                             18EE     18EE       12      31F       0
                text29                             17FA     17FA       2C      31F       0
                text27                             1850     1850       24      31F       0
                text26                             197C     197C        4      31F       0
                text25                             1956     1956        A      31F       0
                text24                             194C     194C        A      31F       0
                text23                             1942     1942        A      31F       0
                text22                             1938     1938        A      31F       0
                text21                              C58      C58       DE      31F       0
                text20                             1378     1378       5A      31F       0
                text19                             192E     192E        A      31F       0
                text18                             1924     1924        A      31F       0
                text17                             10D0     10D0       78      31F       0
                text16                             16CC     16CC       3A      31F       0
                text15                             17CE     17CE       2C      31F       0
                text14                             1550     1550       46      31F       0
                text13                             1692     1692       3A      31F       0
                text12                             150A     150A       46      31F       0
                text11                             179C     179C       32      31F       0
                text10                             176A     176A       32      31F       0
                text9                              1738     1738       32      31F       0
                text8                              1706     1706       32      31F       0
                text7                               7EA      7EA      188      31F       0
                text6                              1428     1428       56      31F       0
                text5                              13D2     13D2       56      31F       0
                text4                               EA6      EA6       92      31F       0
                text3                              1826     1826       2A      31F       0
                text2                              1898     1898       1E      31F       0
                text1                              1974     1974        8      31F       0
                text0                              1656     1656       3C      31F       0
                cstackCOMRAM                          1        1       4D        1       1
                cstackBANK0                          A6       A6       12       60       1
                dataBANK0                            60       60       46       60       1
                bssBANK0                             B8       B8        F       60       1
                bssCOMRAM                            4E       4E       11        1       1
                cinit                              14C4     14C4       46      31F       0
                nvBANK0                              C7       C7        4       60       1
                idataBANK0                         147E     147E       46      31F       0

TOTAL           Name                               Link     Load   Length     Space
        CLASS   STACK          

        CLASS   CODE           
                end_init                            212      212        4         0
                intcode                               8        8      20A         0
                reset_vec                             0        0        4         0
                text54                             18D4     18D4       1A         0
                text53                             196A     196A        A         0
                text52                             1960     1960        A         0
                text51                             18B6     18B6       1E         0
                text50                              DF8      DF8       AE         0
                text49                              63E      63E      1AC         0
                text48                              B64      B64       F4         0
                text47                              A70      A70       F4         0
                text46                             1874     1874       24         0
                text45                              FC6      FC6       86         0
                text44                             1230     1230       72         0
                text43                             11BE     11BE       72         0
                text42                             1616     1616       40         0
                text41                             15D6     15D6       40         0
                text40                             1596     1596       40         0
                text39                             104C     104C       84         0
                text38                             12A2     12A2       70         0
                text37                              972      972       FE         0
                text36                              F38      F38       8E         0
                text35                             1312     1312       66         0
                text34                             1148     1148       76         0
                text33                              D36      D36       C2         0
                text32                             1912     1912       12         0
                text31                             1900     1900       12         0
                text30                             18EE     18EE       12         0
                text29                             17FA     17FA       2C         0
                text27                             1850     1850       24         0
                text26                             197C     197C        4         0
                text25                             1956     1956        A         0
                text24                             194C     194C        A         0
                text23                             1942     1942        A         0
                text22                             1938     1938        A         0
                text21                              C58      C58       DE         0
                text20                             1378     1378       5A         0
                text19                             192E     192E        A         0
                text18                             1924     1924        A         0
                text17                             10D0     10D0       78         0
                text16                             16CC     16CC       3A         0
                text15                             17CE     17CE       2C         0
                text14                             1550     1550       46         0
                text13                             1692     1692       3A         0
                text12                             150A     150A       46         0
                text11                             179C     179C       32         0
                text10                             176A     176A       32         0
                text9                              1738     1738       32         0
                text8                              1706     1706       32         0
                text7                               7EA      7EA      188         0
                text6                              1428     1428       56         0
                text5                              13D2     13D2       56         0
                text4                               EA6      EA6       92         0
                text3                              1826     1826       2A         0
                text2                              1898     1898       1E         0
                text1                              1974     1974        8         0
                text0                              1656     1656       3C         0
                cinit                              14C4     14C4       46         0
                idataBANK0                         147E     147E       46         0

        CLASS   CONST          

        CLASS   SMALLCONST     
                smallconst                          600      600       3E         0

        CLASS   MEDIUMCONST    

        CLASS   COMRAM         
                temp                                 5F       5F        1         1
                cstackCOMRAM                          1        1       4D         1
                bssCOMRAM                            4E       4E       11         1

        CLASS   ABS1           

        CLASS   BIGRAM         

        CLASS   RAM            

        CLASS   BANK0          
                cstackBANK0                          A6       A6       12         1
                dataBANK0                            60       60       46         1
                bssBANK0                             B8       B8        F         1
                nvBANK0                              C7       C7        4         1

        CLASS   BANK1          

        CLASS   BANK2          

        CLASS   BANK3          

        CLASS   BANK4          

        CLASS   BANK5          

        CLASS   SFR            

        CLASS   FARRAM         

        CLASS   CONFIG         
                config                           300000   300000        E         0

        CLASS   IDLOC          
                idloc                            200000   200000        8         0

        CLASS   EEDATA         



SEGMENTS        Name                           Load    Length   Top    Selector   Space  Class

                reset_vec                      000000  000004  000004         0       0  CODE    
                cstackCOMRAM                   000001  00005F  000060         1       1  COMRAM  
                intcode                        000008  00020E  000216         4       0  CODE    
                dataBANK0                      000060  00006B  0000CB        60       1  BANK0   
                smallconst                     000600  00003E  00063E       300       0  SMALLCON
                text49                         00063E  001342  001980       31F       0  CODE    
                idloc                          200000  000008  200008    200000       0  IDLOC   
                config                         300000  00000E  30000E    300000       0  CONFIG  


UNUSED ADDRESS RANGES

        Name                Unused          Largest block    Delta
        BANK0            0000CB-0000FF               35
        BANK1            000100-0001FF              100
        BANK2            000200-0002FF              100
        BANK3            000300-0003FF              100
        BANK4            000400-0004FF              100
        BANK5            000500-0005FF              100
        BIGRAM           0000CB-0005FF              535
        CODE             000004-000007                4
                         000216-0005FF              3EA
                         001980-007FFF             6680
        CONST            000004-000007                4
                         000216-0005FF              3EA
                         001980-007FFF             6680
        EEDATA           F00000-F000FF              100
        MEDIUMCONST      001980-007FFF             6680
        RAM              0000CB-0005FF              100
        SFR              000F60-000FFF               A0
        SMALLCONST       001980-007FFF              100
        STACK            0000CB-0005FF              535

                                  Symbol Table

?_ADCGetOutput                   cstackCOMRAM 000001
?_ConvertParallelSpeed           cstackBANK0  0000A6
?_ConvertPicSpeed                cstackCOMRAM 000001
?_ReadDistanceCentral            cstackBANK0  0000A6
?_ReadDistanceLeft               cstackBANK0  0000A6
?_ReadDistanceRight              cstackBANK0  0000A6
?_ReadMode                       cstackBANK0  0000A6
?_ReadPWMMotorLeft               cstackCOMRAM 000001
?_ReadPWMMotorRight              cstackCOMRAM 000001
?_ReadParallelSpeedLeft          cstackBANK0  0000A6
?_ReadParallelSpeedRight         cstackBANK0  0000A6
?___awdiv                        cstackCOMRAM 000001
?___awmod                        cstackCOMRAM 000001
?___ftadd                        cstackCOMRAM 00001B
?___ftmul                        cstackCOMRAM 00000C
?___ftpack                       cstackCOMRAM 000001
?___fttol                        cstackCOMRAM 000027
?___lwdiv                        cstackBANK0  0000A6
?___lwtoft                       cstackCOMRAM 000009
?_abs                            cstackBANK0  0000A6
ADCGetOutput@temp                cstackCOMRAM 000005
ConvertParallelSpeed@velocity    cstackBANK0  0000A8
ConvertPicSpeed@velocity         cstackCOMRAM 000003
Go@SpeedLeft                     cstackBANK0  0000B4
Go@SpeedRight                    cstackBANK0  0000B6
LCDBusyLoop@busy                 cstackBANK0  0000A6
LCDBusyLoop@status               cstackBANK0  0000A8
LCDBusyLoop@temp                 cstackBANK0  0000A7
LCDByte@c                        cstackBANK0  0000AC
LCDByte@hn                       cstackBANK0  0000AA
LCDByte@isdata                   cstackBANK0  0000A9
LCDByte@ln                       cstackBANK0  0000AB
LCDByte@temp                     cstackBANK0  0000AD
LCDGotoXY@x                      cstackCOMRAM 00000A
LCDGotoXY@y                      cstackCOMRAM 000009
LCDInit@__i                      cstackBANK0  0000B0
LCDInit@style                    cstackBANK0  0000AF
LCDWriteInt@F4236                bssBANK0     0000B8
LCDWriteInt@field_length         cstackCOMRAM 00000B
LCDWriteInt@i                    cstackCOMRAM 000015
LCDWriteInt@j                    cstackCOMRAM 000013
LCDWriteInt@str                  cstackCOMRAM 00000E
LCDWriteInt@val                  cstackCOMRAM 000009
LCDWriteString@cc                cstackCOMRAM 00000B
LCDWriteString@msg               cstackCOMRAM 000009
ReadParallel@lecture             cstackBANK0  0000AA
ReadParallel@left                cstackBANK0  0000AB
ReadParallel@right               cstackBANK0  0000A9
ReadUSART@data                   cstackCOMRAM 000001
SetBattery@lecture               cstackCOMRAM 000036
SetDistanceCentral@lecture       cstackCOMRAM 000036
SetDistanceLeft@lecture          cstackCOMRAM 000036
SetDistanceRight@lecture         cstackCOMRAM 000036
SetMotorLeft@speed               cstackBANK0  0000AF
SetMotorRight@speed              cstackBANK0  0000AF
SetPWMMotorLeft@percentage       cstackBANK0  0000AD
SetPWMMotorRight@percentage      cstackBANK0  0000AD
SetSpeedLeft@lecture             cstackCOMRAM 000004
SetSpeedRight@lecture            cstackCOMRAM 000004
WriteUSART@data                  cstackCOMRAM 000001
_ADCGetOutput                    text54       0018D4
_ADCInit                         text27       001850
_ADCInitiateConversion           text26       00197C
_ADCON1                          (abs)        000FC1
_ADCON2                          (abs)        000FC0
_ADIE                            (abs)        007CEE
_ADIF                            (abs)        007CF6
_ADON                            (abs)        007E10
_ADRESH                          (abs)        000FC4
_ADRESL                          (abs)        000FC3
_ANS0                            (abs)        007BF0
_ANS1                            (abs)        007BF1
_ANS2                            (abs)        007BF2
_ANS3                            (abs)        007BF3
_ANSELH                          (abs)        000F7F
_Battery                         bssCOMRAM    00004E
_CHS0                            (abs)        007E12
_CHS1                            (abs)        007E13
_CHS2                            (abs)        007E14
_CHS3                            (abs)        007E15
_ConvertParallelSpeed            text21       000C58
_ConvertPicSpeed                 text33       000D36
_DistanceCentral                 dataBANK0    0000A0
_DistanceLeft                    dataBANK0    0000A2
_DistanceRight                   dataBANK0    0000A4
_GIE                             (abs)        007F97
_GO                              (abs)        007E11
_Go                              text7        0007EA
_LCDBusyLoop                     text6        001428
_LCDByte                         text5        0013D2
_LCDGotoXY                       text40       001596
_LCDInit                         text4        000EA6
_LCDWriteInt                     text37       000972
_LCDWriteString                  text36       000F38
_Mode                            bssBANK0     0000BD
_MotorInit                       text3        001826
_MotorLeftSpeed                  bssBANK0     0000BF
_MotorRightSpeed                 bssBANK0     0000C1
_PEIE                            (abs)        007F96
_PORTB                           (abs)        000F81
_PORTD                           (abs)        000F83
_PSA                             (abs)        007EAB
_PWMLeft                         nvBANK0      0000C7
_PWMRight                        nvBANK0      0000C9
_RC0                             (abs)        007C10
_RC1                             (abs)        007C11
_RC2                             (abs)        007C12
_RC3                             (abs)        007C13
_RC4                             (abs)        007C14
_RC5                             (abs)        007C15
_RCIF                            (abs)        007CF5
_RCREG                           (abs)        000FAE
_RCSTAbits                       (abs)        000FAB
_RD4                             (abs)        007C1C
_RD5                             (abs)        007C1D
_RD6                             (abs)        007C1E
_ReadDistanceCentral             text25       001956
_ReadDistanceLeft                text24       00194C
_ReadDistanceRight               text23       001942
_ReadMode                        text22       001938
_ReadPWMMotorLeft                text53       00196A
_ReadPWMMotorRight               text52       001960
_ReadParallel                    text20       001378
_ReadParallelSpeedLeft           text19       00192E
_ReadParallelSpeedRight          text18       001924
_ReadUSART                       text51       0018B6
_SetBattery                      text45       000FC6
_SetBattery$1541                 cstackCOMRAM 000038
_SetDistanceCentral              text44       001230
_SetDistanceLeft                 text43       0011BE
_SetDistanceRight                text34       001148
_SetMotorLeft                    text14       001550
_SetMotorRight                   text12       00150A
_SetPWMMotorLeft                 text16       0016CC
_SetPWMMotorRight                text13       001692
_SetSpeedLeft                    text32       001912
_SetSpeedRight                   text31       001900
_ShowLecturesInLCD               text35       001312
_SpeedLeft                       bssCOMRAM    000050
_SpeedRight                      bssCOMRAM    000052
_T08BIT                          (abs)        007EAE
_T0CS                            (abs)        007EAD
_T0PS0                           (abs)        007EA8
_T0PS1                           (abs)        007EA9
_T0PS2                           (abs)        007EAA
_TMR0H                           (abs)        000FD7
_TMR0IE                          (abs)        007F95
_TMR0IF                          (abs)        007F92
_TMR0L                           (abs)        000FD6
_TMR0ON                          (abs)        007EAF
_TRISA0                          (abs)        007C90
_TRISA1                          (abs)        007C91
_TRISA2                          (abs)        007C92
_TRISA3                          (abs)        007C93
_TRISB                           (abs)        000F93
_TRISC                           (abs)        000F94
_TRISD                           (abs)        000F95
_TRISDbits                       (abs)        000F95
_TXREG                           (abs)        000FAD
_TXSTAbits                       (abs)        000FAC
_TimerPWMInit                    text2        001898
_TurnLeft135                     text11       00179C
_TurnLeft90                      text10       00176A
_TurnRight135                    text9        001738
_TurnRight90                     text8        001706
_USART_Status                    bssCOMRAM    00005E
_WriteUSART                      text30       0018EE
__CFG_BOREN$SBORDIS              (abs)        000000
__CFG_BORV$18                    (abs)        000000
__CFG_CCP2MX$PORTC               (abs)        000000
__CFG_CP0$OFF                    (abs)        000000
__CFG_CP1$OFF                    (abs)        000000
__CFG_CP2$OFF                    (abs)        000000
__CFG_CP3$OFF                    (abs)        000000
__CFG_CPB$OFF                    (abs)        000000
__CFG_CPD$OFF                    (abs)        000000
__CFG_EBTR0$OFF                  (abs)        000000
__CFG_EBTR1$OFF                  (abs)        000000
__CFG_EBTR2$OFF                  (abs)        000000
__CFG_EBTR3$OFF                  (abs)        000000
__CFG_EBTRB$OFF                  (abs)        000000
__CFG_FCMEN$OFF                  (abs)        000000
__CFG_FOSC$INTIO67               (abs)        000000
__CFG_HFOFST$ON                  (abs)        000000
__CFG_IESO$OFF                   (abs)        000000
__CFG_LPT1OSC$OFF                (abs)        000000
__CFG_LVP$OFF                    (abs)        000000
__CFG_MCLRE$ON                   (abs)        000000
__CFG_PBADEN$ON                  (abs)        000000
__CFG_PWRT$OFF                   (abs)        000000
__CFG_STVREN$ON                  (abs)        000000
__CFG_WDTEN$OFF                  (abs)        000000
__CFG_WDTPS$32768                (abs)        000000
__CFG_WRT0$OFF                   (abs)        000000
__CFG_WRT1$OFF                   (abs)        000000
__CFG_WRT2$OFF                   (abs)        000000
__CFG_WRT3$OFF                   (abs)        000000
__CFG_WRTB$OFF                   (abs)        000000
__CFG_WRTC$OFF                   (abs)        000000
__CFG_WRTD$OFF                   (abs)        000000
__CFG_XINST$OFF                  (abs)        000000
__HRAM                           (abs)        000000
__Habs1                          abs1         000000
__Hbank0                         bank0        000000
__Hbank1                         bank1        000000
__Hbank2                         bank2        000000
__Hbank3                         bank3        000000
__Hbank4                         bank4        000000
__Hbank5                         bank5        000000
__Hbigbss                        bigbss       000000
__Hbigdata                       bigdata      000000
__Hbigram                        bigram       000000
__Hbss                           bss          000000
__HbssBANK0                      bssBANK0     000000
__HbssCOMRAM                     bssCOMRAM    000000
__Hcinit                         cinit        000000
__Hclrtext                       clrtext      000000
__Hcomram                        comram       000000
__Hconfig                        config       30000E
__Hconst                         const        000000
__HcstackBANK0                   cstackBANK0  000000
__HcstackCOMRAM                  cstackCOMRAM 000000
__Hdata                          data         000000
__HdataBANK0                     dataBANK0    000000
__Heeprom_data                   eeprom_data  000000
__Hend_init                      end_init     000216
__Hfarbss                        farbss       000000
__Hfardata                       fardata      000000
__Hibigdata                      ibigdata     000000
__Hidata                         idata        000000
__HidataBANK0                    idataBANK0   000000
__Hidloc                         idloc        200008
__Hifardata                      ifardata     000000
__Hinit                          init         000212
__Hintcode                       intcode      000212
__Hintcode_body                  intcode_body 000000
__Hintcodelo                     intcodelo    000212
__Hintentry                      intentry     000000
__Hintret                        intret       000000
__Hintsave_regs                  intsave_regs 000000
__Hirdata                        irdata       000000
__Hmediumconst                   mediumconst  000000
__HnvBANK0                       nvBANK0      000000
__HnvFARRAM                      nvFARRAM     000000
__Hnvbit                         nvbit        000000
__Hnvrram                        nvrram       000000
__Hparam                         rparam       000000
__Hpowerup                       powerup      000212
__Hram                           ram          000000
__Hramtop                        ramtop       000600
__Hrbit                          rbit         000000
__Hrbss                          rbss         000000
__Hrdata                         rdata        000000
__Hreset_vec                     reset_vec    000004
__Hrparam                        rparam       000000
__Hsfr                           sfr          000000
__Hsmallconst                    smallconst   00063E
__Hspace_0                       (abs)        30000E
__Hspace_1                       (abs)        0000CB
__Hspace_2                       (abs)        000000
__Hstack                         stack        000000
__Hstruct                        struct       000000
__Htemp                          temp         000060
__Htext                          text         000000
__Htext0                         text0        000000
__Htext1                         text1        000000
__Htext10                        text10       000000
__Htext11                        text11       000000
__Htext12                        text12       000000
__Htext13                        text13       000000
__Htext14                        text14       000000
__Htext15                        text15       000000
__Htext16                        text16       000000
__Htext17                        text17       000000
__Htext18                        text18       000000
__Htext19                        text19       000000
__Htext2                         text2        000000
__Htext20                        text20       000000
__Htext21                        text21       000000
__Htext22                        text22       000000
__Htext23                        text23       000000
__Htext24                        text24       000000
__Htext25                        text25       000000
__Htext26                        text26       000000
__Htext27                        text27       000000
__Htext29                        text29       000000
__Htext3                         text3        000000
__Htext30                        text30       000000
__Htext31                        text31       000000
__Htext32                        text32       000000
__Htext33                        text33       000000
__Htext34                        text34       000000
__Htext35                        text35       000000
__Htext36                        text36       000000
__Htext37                        text37       000000
__Htext38                        text38       000000
__Htext39                        text39       000000
__Htext4                         text4        000000
__Htext40                        text40       000000
__Htext41                        text41       000000
__Htext42                        text42       000000
__Htext43                        text43       000000
__Htext44                        text44       000000
__Htext45                        text45       000000
__Htext46                        text46       000000
__Htext47                        text47       000000
__Htext48                        text48       000000
__Htext49                        text49       000000
__Htext5                         text5        000000
__Htext50                        text50       000000
__Htext51                        text51       000000
__Htext52                        text52       000000
__Htext53                        text53       000000
__Htext54                        text54       000000
__Htext6                         text6        000000
__Htext7                         text7        000000
__Htext8                         text8        000000
__Htext9                         text9        000000
__LRAM                           (abs)        000001
__Labs1                          abs1         000000
__Lbank0                         bank0        000000
__Lbank1                         bank1        000000
__Lbank2                         bank2        000000
__Lbank3                         bank3        000000
__Lbank4                         bank4        000000
__Lbank5                         bank5        000000
__Lbigbss                        bigbss       000000
__Lbigdata                       bigdata      000000
__Lbigram                        bigram       000000
__Lbss                           bss          000000
__LbssBANK0                      bssBANK0     000000
__LbssCOMRAM                     bssCOMRAM    000000
__Lcinit                         cinit        000000
__Lclrtext                       clrtext      000000
__Lcomram                        comram       000000
__Lconfig                        config       300000
__Lconst                         const        000000
__LcstackBANK0                   cstackBANK0  000000
__LcstackCOMRAM                  cstackCOMRAM 000000
__Ldata                          data         000000
__LdataBANK0                     dataBANK0    000000
__Leeprom_data                   eeprom_data  000000
__Lend_init                      end_init     000212
__Lfarbss                        farbss       000000
__Lfardata                       fardata      000000
__Libigdata                      ibigdata     000000
__Lidata                         idata        000000
__LidataBANK0                    idataBANK0   000000
__Lidloc                         idloc        200000
__Lifardata                      ifardata     000000
__Linit                          init         000212
__Lintcode                       intcode      000008
__Lintcode_body                  intcode_body 000000
__Lintcodelo                     intcodelo    000212
__Lintentry                      intentry     000000
__Lintret                        intret       000000
__Lintsave_regs                  intsave_regs 000000
__Lirdata                        irdata       000000
__Lmediumconst                   mediumconst  000000
__LnvBANK0                       nvBANK0      000000
__LnvFARRAM                      nvFARRAM     000000
__Lnvbit                         nvbit        000000
__Lnvrram                        nvrram       000000
__Lparam                         rparam       000000
__Lpowerup                       powerup      000212
__Lram                           ram          000000
__Lramtop                        ramtop       000600
__Lrbit                          rbit         000000
__Lrbss                          rbss         000000
__Lrdata                         rdata        000000
__Lreset_vec                     reset_vec    000000
__Lrparam                        rparam       000000
__Lsfr                           sfr          000000
__Lsmallconst                    smallconst   000600
__Lspace_0                       (abs)        000000
__Lspace_1                       (abs)        000000
__Lspace_2                       (abs)        000000
__Lstack                         stack        000000
__Lstruct                        struct       000000
__Ltemp                          temp         00005F
__Ltext                          text         000000
__Ltext0                         text0        000000
__Ltext1                         text1        000000
__Ltext10                        text10       000000
__Ltext11                        text11       000000
__Ltext12                        text12       000000
__Ltext13                        text13       000000
__Ltext14                        text14       000000
__Ltext15                        text15       000000
__Ltext16                        text16       000000
__Ltext17                        text17       000000
__Ltext18                        text18       000000
__Ltext19                        text19       000000
__Ltext2                         text2        000000
__Ltext20                        text20       000000
__Ltext21                        text21       000000
__Ltext22                        text22       000000
__Ltext23                        text23       000000
__Ltext24                        text24       000000
__Ltext25                        text25       000000
__Ltext26                        text26       000000
__Ltext27                        text27       000000
__Ltext29                        text29       000000
__Ltext3                         text3        000000
__Ltext30                        text30       000000
__Ltext31                        text31       000000
__Ltext32                        text32       000000
__Ltext33                        text33       000000
__Ltext34                        text34       000000
__Ltext35                        text35       000000
__Ltext36                        text36       000000
__Ltext37                        text37       000000
__Ltext38                        text38       000000
__Ltext39                        text39       000000
__Ltext4                         text4        000000
__Ltext40                        text40       000000
__Ltext41                        text41       000000
__Ltext42                        text42       000000
__Ltext43                        text43       000000
__Ltext44                        text44       000000
__Ltext45                        text45       000000
__Ltext46                        text46       000000
__Ltext47                        text47       000000
__Ltext48                        text48       000000
__Ltext49                        text49       000000
__Ltext5                         text5        000000
__Ltext50                        text50       000000
__Ltext51                        text51       000000
__Ltext52                        text52       000000
__Ltext53                        text53       000000
__Ltext54                        text54       000000
__Ltext6                         text6        000000
__Ltext7                         text7        000000
__Ltext8                         text8        000000
__Ltext9                         text9        000000
__S0                             (abs)        30000E
__S1                             (abs)        0000CB
__S2                             (abs)        000000
___awdiv                         text39       00104C
___awdiv@counter                 cstackCOMRAM 000005
___awdiv@dividend                cstackCOMRAM 000001
___awdiv@divisor                 cstackCOMRAM 000003
___awdiv@quotient                cstackCOMRAM 000007
___awdiv@sign                    cstackCOMRAM 000006
___awmod                         text38       0012A2
___awmod@counter                 cstackCOMRAM 000005
___awmod@dividend                cstackCOMRAM 000001
___awmod@divisor                 cstackCOMRAM 000003
___awmod@sign                    cstackCOMRAM 000006
___cgram                         dataBANK0    000060
___ftadd                         text49       00063E
___ftadd@exp1                    cstackCOMRAM 000026
___ftadd@exp2                    cstackCOMRAM 000025
___ftadd@f1                      cstackCOMRAM 00001B
___ftadd@f2                      cstackCOMRAM 00001E
___ftadd@sign                    cstackCOMRAM 000024
___ftmul                         text48       000B64
___ftmul@cntr                    cstackCOMRAM 000019
___ftmul@exp                     cstackCOMRAM 000015
___ftmul@f1                      cstackCOMRAM 00000C
___ftmul@f2                      cstackCOMRAM 00000F
___ftmul@f3_as_product           cstackCOMRAM 000016
___ftmul@sign                    cstackCOMRAM 00001A
___ftpack                        text50       000DF8
___ftpack@arg                    cstackCOMRAM 000001
___ftpack@exp                    cstackCOMRAM 000004
___ftpack@sign                   cstackCOMRAM 000005
___fttol                         text47       000A70
___fttol@exp1                    cstackCOMRAM 000035
___fttol@f1                      cstackCOMRAM 000027
___fttol@lval                    cstackCOMRAM 000031
___fttol@sign1                   cstackCOMRAM 000030
___inthi_sp                      stack        000000
___intlo_sp                      stack        000000
___lwdiv                         text17       0010D0
___lwdiv@counter                 cstackBANK0  0000AC
___lwdiv@dividend                cstackBANK0  0000A6
___lwdiv@divisor                 cstackBANK0  0000A8
___lwdiv@quotient                cstackBANK0  0000AA
___lwtoft                        text46       001874
___lwtoft@c                      cstackCOMRAM 000009
___param_bank                    (abs)        000010
___rparam_used                   (abs)        000001
___sp                            stack        000000
__accesstop                      (abs)        000060
__activetblptr                   (abs)        000002
__end_of_ADCGetOutput            text54       0018EE
__end_of_ADCInit                 text27       001874
__end_of_ADCInitiateConversion   text26       001980
__end_of_ConvertParallelSpeed    text21       000D36
__end_of_ConvertPicSpeed         text33       000DF8
__end_of_Go                      text7        000972
__end_of_LCDBusyLoop             text6        00147E
__end_of_LCDByte                 text5        001428
__end_of_LCDGotoXY               text40       0015D6
__end_of_LCDInit                 text4        000F38
__end_of_LCDWriteInt             text37       000A70
__end_of_LCDWriteString          text36       000FC6
__end_of_MotorInit               text3        001850
__end_of_ReadDistanceCentral     text25       001960
__end_of_ReadDistanceLeft        text24       001956
__end_of_ReadDistanceRight       text23       00194C
__end_of_ReadMode                text22       001942
__end_of_ReadPWMMotorLeft        text53       001974
__end_of_ReadPWMMotorRight       text52       00196A
__end_of_ReadParallel            text20       0013D2
__end_of_ReadParallelSpeedLeft   text19       001938
__end_of_ReadParallelSpeedRight  text18       00192E
__end_of_ReadUSART               text51       0018D4
__end_of_SetBattery              text45       00104C
__end_of_SetDistanceCentral      text44       0012A2
__end_of_SetDistanceLeft         text43       001230
__end_of_SetDistanceRight        text34       0011BE
__end_of_SetMotorLeft            text14       001596
__end_of_SetMotorRight           text12       001550
__end_of_SetPWMMotorLeft         text16       001706
__end_of_SetPWMMotorRight        text13       0016CC
__end_of_SetSpeedLeft            text32       001924
__end_of_SetSpeedRight           text31       001912
__end_of_ShowLecturesInLCD       text35       001378
__end_of_TimerPWMInit            text2        0018B6
__end_of_TurnLeft135             text11       0017CE
__end_of_TurnLeft90              text10       00179C
__end_of_TurnRight135            text9        00176A
__end_of_TurnRight90             text8        001738
__end_of_WriteUSART              text30       001900
__end_of___awdiv                 text39       0010D0
__end_of___awmod                 text38       001312
__end_of___ftadd                 text49       0007EA
__end_of___ftmul                 text48       000C58
__end_of___ftpack                text50       000EA6
__end_of___fttol                 text47       000B64
__end_of___lwdiv                 text17       001148
__end_of___lwtoft                text46       001898
__end_of__initialization         cinit        0014FC
__end_of_abs                     text15       0017FA
__end_of_isr                     intcode      000212
__end_of_main                    text0        001692
__end_of_parallelInit            text1        00197C
__end_of_putsUSART               text29       001826
__end_ofi2_LCDBusyLoop           text42       001656
__end_ofi2_LCDByte               text41       001616
__initialization                 cinit        0014C4
__mediumconst                    mediumconst  000000
__pbssBANK0                      bssBANK0     0000B8
__pbssCOMRAM                     bssCOMRAM    00004E
__pcinit                         cinit        0014C4
__pcstackBANK0                   cstackBANK0  0000A6
__pcstackCOMRAM                  cstackCOMRAM 000001
__pdataBANK0                     dataBANK0    000060
__pidataBANK0                    idataBANK0   00147E
__pintcode                       intcode      000008
__pnvBANK0                       nvBANK0      0000C7
__psmallconst                    smallconst   000600
__ptext0                         text0        001656
__ptext1                         text1        001974
__ptext10                        text10       00176A
__ptext11                        text11       00179C
__ptext12                        text12       00150A
__ptext13                        text13       001692
__ptext14                        text14       001550
__ptext15                        text15       0017CE
__ptext16                        text16       0016CC
__ptext17                        text17       0010D0
__ptext18                        text18       001924
__ptext19                        text19       00192E
__ptext2                         text2        001898
__ptext20                        text20       001378
__ptext21                        text21       000C58
__ptext22                        text22       001938
__ptext23                        text23       001942
__ptext24                        text24       00194C
__ptext25                        text25       001956
__ptext26                        text26       00197C
__ptext27                        text27       001850
__ptext29                        text29       0017FA
__ptext3                         text3        001826
__ptext30                        text30       0018EE
__ptext31                        text31       001900
__ptext32                        text32       001912
__ptext33                        text33       000D36
__ptext34                        text34       001148
__ptext35                        text35       001312
__ptext36                        text36       000F38
__ptext37                        text37       000972
__ptext38                        text38       0012A2
__ptext39                        text39       00104C
__ptext4                         text4        000EA6
__ptext40                        text40       001596
__ptext41                        text41       0015D6
__ptext42                        text42       001616
__ptext43                        text43       0011BE
__ptext44                        text44       001230
__ptext45                        text45       000FC6
__ptext46                        text46       001874
__ptext47                        text47       000A70
__ptext48                        text48       000B64
__ptext49                        text49       00063E
__ptext5                         text5        0013D2
__ptext50                        text50       000DF8
__ptext51                        text51       0018B6
__ptext52                        text52       001960
__ptext53                        text53       00196A
__ptext54                        text54       0018D4
__ptext6                         text6        001428
__ptext7                         text7        0007EA
__ptext8                         text8        001706
__ptext9                         text9        001738
__ramtop                         ramtop       000600
__size_of_ADCGetOutput           (abs)        000000
__size_of_ADCInit                (abs)        000000
__size_of_ADCInitiateConversion  (abs)        000000
__size_of_ConvertParallelSpeed   (abs)        000000
__size_of_ConvertPicSpeed        (abs)        000000
__size_of_Go                     (abs)        000000
__size_of_LCDBusyLoop            (abs)        000000
__size_of_LCDByte                (abs)        000000
__size_of_LCDGotoXY              (abs)        000000
__size_of_LCDInit                (abs)        000000
__size_of_LCDWriteInt            (abs)        000000
__size_of_LCDWriteString         (abs)        000000
__size_of_MotorInit              (abs)        000000
__size_of_ReadDistanceCentral    (abs)        000000
__size_of_ReadDistanceLeft       (abs)        000000
__size_of_ReadDistanceRight      (abs)        000000
__size_of_ReadMode               (abs)        000000
__size_of_ReadPWMMotorLeft       (abs)        000000
__size_of_ReadPWMMotorRight      (abs)        000000
__size_of_ReadParallel           (abs)        000000
__size_of_ReadParallelSpeedLeft  (abs)        000000
__size_of_ReadParallelSpeedRight (abs)        000000
__size_of_ReadUSART              (abs)        000000
__size_of_SetBattery             (abs)        000000
__size_of_SetDistanceCentral     (abs)        000000
__size_of_SetDistanceLeft        (abs)        000000
__size_of_SetDistanceRight       (abs)        000000
__size_of_SetMotorLeft           (abs)        000000
__size_of_SetMotorRight          (abs)        000000
__size_of_SetPWMMotorLeft        (abs)        000000
__size_of_SetPWMMotorRight       (abs)        000000
__size_of_SetSpeedLeft           (abs)        000000
__size_of_SetSpeedRight          (abs)        000000
__size_of_ShowLecturesInLCD      (abs)        000000
__size_of_TimerPWMInit           (abs)        000000
__size_of_TurnLeft135            (abs)        000000
__size_of_TurnLeft90             (abs)        000000
__size_of_TurnRight135           (abs)        000000
__size_of_TurnRight90            (abs)        000000
__size_of_WriteUSART             (abs)        000000
__size_of___awdiv                (abs)        000000
__size_of___awmod                (abs)        000000
__size_of___ftadd                (abs)        000000
__size_of___ftmul                (abs)        000000
__size_of___ftpack               (abs)        000000
__size_of___fttol                (abs)        000000
__size_of___lwdiv                (abs)        000000
__size_of___lwtoft               (abs)        000000
__size_of_abs                    (abs)        000000
__size_of_isr                    (abs)        000000
__size_of_main                   (abs)        000000
__size_of_parallelInit           (abs)        000000
__size_of_putsUSART              (abs)        000000
__size_ofi2_LCDBusyLoop          (abs)        000000
__size_ofi2_LCDByte              (abs)        000000
__smallconst                     smallconst   000600
_abs                             text15       0017CE
_isr                             intcode      000008
_main                            text0        001656
_parallelInit                    text1        001974
_putsUSART                       text29       0017FA
abs@a                            cstackBANK0  0000A6
btemp                            temp         00005F
end_of_initialization            cinit        0014FC
i2LCDBusyLoop@busy               cstackCOMRAM 000001
i2LCDBusyLoop@status             cstackCOMRAM 000003
i2LCDBusyLoop@temp               cstackCOMRAM 000002
i2LCDByte@c                      cstackCOMRAM 000007
i2LCDByte@hn                     cstackCOMRAM 000005
i2LCDByte@isdata                 cstackCOMRAM 000004
i2LCDByte@ln                     cstackCOMRAM 000006
i2LCDByte@temp                   cstackCOMRAM 000008
i2_LCDBusyLoop                   text42       001616
i2_LCDByte                       text41       0015D6
int$flags                        temp         00005F
intlevel0                        text         000000
intlevel1                        text         000000
intlevel2                        text         000000
intlevel3                        text         000000
isr@CharRx                       cstackCOMRAM 00004D
isr@PWMLeft                      bssCOMRAM    000054
isr@PWMRight                     bssCOMRAM    000056
isr@Readport                     bssCOMRAM    000058
isr@counter                      bssCOMRAM    00005A
isr@iteration                    bssCOMRAM    00005C
isr@read                         cstackCOMRAM 00004B
parallel@SpeedLeft               bssBANK0     0000C3
parallel@SpeedRight              bssBANK0     0000C5
putsUSART@data                   cstackCOMRAM 000002
stackhi                          (abs)        0005FF
stacklo                          (abs)        0000CB
start                            init         000212
start_initialization             cinit        0014C4


FUNCTION INFORMATION:

 *************** function _main *****************
 Defined at:
		line 11 in file "main.c"
 Parameters:    Size  Location     Type
		None
 Auto vars:     Size  Location     Type
		None
 Return value:  Size  Location     Type
                  1    wreg      void 
 Registers used:
		wreg, fsr2l, fsr2h, status,2, status,0, prodl, prodh, cstack
 Tracked objects:
		On entry : 
		On exit  : 
		Unchanged: 
 Data sizes:     COMRAM   BANK0   BANK1   BANK2   BANK3   BANK4   BANK5
      Params:         0       0       0       0       0       0       0
      Locals:         0       0       0       0       0       0       0
      Temps:          0       0       0       0       0       0       0
      Totals:         0       0       0       0       0       0       0
Total ram usage:        0 bytes
 Hardware stack levels required when called:   11
 This function calls:
		_ADCInit
		_ADCInitiateConversion
		_Go
		_LCDInit
		_MotorInit
		_SetMotorLeft
		_SetMotorRight
		_TimerPWMInit
		_parallelInit
 This function is called by:
		Startup code after reset
 This function uses a non-reentrant model


 *************** function _parallelInit *****************
 Defined at:
		line 21 in file "parallel.c"
 Parameters:    Size  Location     Type
		None
 Auto vars:     Size  Location     Type
		None
 Return value:  Size  Location     Type
                  1    wreg      void 
 Registers used:
		wreg, status,2
 Tracked objects:
		On entry : 
		On exit  : 
		Unchanged: 
 Data sizes:     COMRAM   BANK0   BANK1   BANK2   BANK3   BANK4   BANK5
      Params:         0       0       0       0       0       0       0
      Locals:         0       0       0       0       0       0       0
      Temps:          0       0       0       0       0       0       0
      Totals:         0       0       0       0       0       0       0
Total ram usage:        0 bytes
 Hardware stack levels used:    1
 Hardware stack levels required when called:    6
 This function calls:
		Nothing
 This function is called by:
		_main
 This function uses a non-reentrant model


 *************** function _TimerPWMInit *****************
 Defined at:
		line 14 in file "TimerPWM.c"
 Parameters:    Size  Location     Type
		None
 Auto vars:     Size  Location     Type
		None
 Return value:  Size  Location     Type
                  1    wreg      void 
 Registers used:
		wreg, status,2
 Tracked objects:
		On entry : 
		On exit  : 
		Unchanged: 
 Data sizes:     COMRAM   BANK0   BANK1   BANK2   BANK3   BANK4   BANK5
      Params:         0       0       0       0       0       0       0
      Locals:         0       0       0       0       0       0       0
      Temps:          0       0       0       0       0       0       0
      Totals:         0       0       0       0       0       0       0
Total ram usage:        0 bytes
 Hardware stack levels used:    1
 Hardware stack levels required when called:    6
 This function calls:
		Nothing
 This function is called by:
		_main
 This function uses a non-reentrant model


 *************** function _MotorInit *****************
 Defined at:
		line 28 in file "motors.c"
 Parameters:    Size  Location     Type
		None
 Auto vars:     Size  Location     Type
		None
 Return value:  Size  Location     Type
                  1    wreg      void 
 Registers used:
		wreg, status,2, status,0, cstack
 Tracked objects:
		On entry : 
		On exit  : 
		Unchanged: 
 Data sizes:     COMRAM   BANK0   BANK1   BANK2   BANK3   BANK4   BANK5
      Params:         0       0       0       0       0       0       0
      Locals:         0       0       0       0       0       0       0
      Temps:          0       0       0       0       0       0       0
      Totals:         0       0       0       0       0       0       0
Total ram usage:        0 bytes
 Hardware stack levels used:    1
 Hardware stack levels required when called:    8
 This function calls:
		_SetPWMMotorLeft
		_SetPWMMotorRight
 This function is called by:
		_main
 This function uses a non-reentrant model


 *************** function _LCDInit *****************
 Defined at:
		line 196 in file "lcd_hd44780_pic16.c"
 Parameters:    Size  Location     Type
  style           1    wreg     unsigned char 
 Auto vars:     Size  Location     Type
  style           1    9[BANK0 ] unsigned char 
  __i             1   10[BANK0 ] unsigned char 
 Return value:  Size  Location     Type
                  1    wreg      void 
 Registers used:
		wreg, fsr2l, fsr2h, status,2, status,0, prodl, prodh, cstack
 Tracked objects:
		On entry : 
		On exit  : 
		Unchanged: 
 Data sizes:     COMRAM   BANK0   BANK1   BANK2   BANK3   BANK4   BANK5
      Params:         0       0       0       0       0       0       0
      Locals:         0       2       0       0       0       0       0
      Temps:          0       1       0       0       0       0       0
      Totals:         0       3       0       0       0       0       0
Total ram usage:        3 bytes
 Hardware stack levels used:    1
 Hardware stack levels required when called:    8
 This function calls:
		_LCDBusyLoop
		_LCDByte
 This function is called by:
		_main
 This function uses a non-reentrant model


 *************** function _LCDByte *****************
 Defined at:
		line 83 in file "lcd_hd44780_pic16.c"
 Parameters:    Size  Location     Type
  c               1    wreg     unsigned char 
  isdata          1    3[BANK0 ] unsigned char 
 Auto vars:     Size  Location     Type
  c               1    6[BANK0 ] unsigned char 
  temp            1    7[BANK0 ] unsigned char 
  ln              1    5[BANK0 ] unsigned char 
  hn              1    4[BANK0 ] unsigned char 
 Return value:  Size  Location     Type
                  1    wreg      void 
 Registers used:
		wreg, status,2, status,0, cstack
 Tracked objects:
		On entry : 
		On exit  : 
		Unchanged: 
 Data sizes:     COMRAM   BANK0   BANK1   BANK2   BANK3   BANK4   BANK5
      Params:         0       1       0       0       0       0       0
      Locals:         0       4       0       0       0       0       0
      Temps:          0       0       0       0       0       0       0
      Totals:         0       5       0       0       0       0       0
Total ram usage:        5 bytes
 Hardware stack levels used:    1
 Hardware stack levels required when called:    7
 This function calls:
		_LCDBusyLoop
 This function is called by:
		_LCDInit
 This function uses a non-reentrant model


 *************** function _LCDBusyLoop *****************
 Defined at:
		line 138 in file "lcd_hd44780_pic16.c"
 Parameters:    Size  Location     Type
		None
 Auto vars:     Size  Location     Type
  status          1    2[BANK0 ] unsigned char 
  temp            1    1[BANK0 ] unsigned char 
  busy            1    0[BANK0 ] unsigned char 
 Return value:  Size  Location     Type
                  1    wreg      void 
 Registers used:
		wreg, status,2, status,0
 Tracked objects:
		On entry : 
		On exit  : 
		Unchanged: 
 Data sizes:     COMRAM   BANK0   BANK1   BANK2   BANK3   BANK4   BANK5
      Params:         0       0       0       0       0       0       0
      Locals:         0       3       0       0       0       0       0
      Temps:          0       0       0       0       0       0       0
      Totals:         0       3       0       0       0       0       0
Total ram usage:        3 bytes
 Hardware stack levels used:    1
 Hardware stack levels required when called:    6
 This function calls:
		Nothing
 This function is called by:
		_LCDByte
		_LCDInit
 This function uses a non-reentrant model


 *************** function _Go *****************
 Defined at:
		line 20 in file "driver.c"
 Parameters:    Size  Location     Type
		None
 Auto vars:     Size  Location     Type
  SpeedRight      2   16[BANK0 ] int 
  SpeedLeft       2   14[BANK0 ] int 
 Return value:  Size  Location     Type
                  1    wreg      void 
 Registers used:
		wreg, status,2, status,0, cstack
 Tracked objects:
		On entry : 
		On exit  : 
		Unchanged: 
 Data sizes:     COMRAM   BANK0   BANK1   BANK2   BANK3   BANK4   BANK5
      Params:         0       0       0       0       0       0       0
      Locals:         0       4       0       0       0       0       0
      Temps:          0       2       0       0       0       0       0
      Totals:         0       6       0       0       0       0       0
Total ram usage:        6 bytes
 Hardware stack levels used:    1
 Hardware stack levels required when called:   10
 This function calls:
		_ReadDistanceCentral
		_ReadDistanceLeft
		_ReadDistanceRight
		_ReadMode
		_ReadParallel
		_ReadParallelSpeedLeft
		_ReadParallelSpeedRight
		_SetMotorLeft
		_SetMotorRight
		_TurnLeft135
		_TurnLeft90
		_TurnRight135
		_TurnRight90
 This function is called by:
		_main
 This function uses a non-reentrant model


 *************** function _TurnRight90 *****************
 Defined at:
		line 60 in file "driver.c"
 Parameters:    Size  Location     Type
		None
 Auto vars:     Size  Location     Type
		None
 Return value:  Size  Location     Type
                  1    wreg      void 
 Registers used:
		wreg, status,2, status,0, cstack
 Tracked objects:
		On entry : 
		On exit  : 
		Unchanged: 
 Data sizes:     COMRAM   BANK0   BANK1   BANK2   BANK3   BANK4   BANK5
      Params:         0       0       0       0       0       0       0
      Locals:         0       0       0       0       0       0       0
      Temps:          0       1       0       0       0       0       0
      Totals:         0       1       0       0       0       0       0
Total ram usage:        1 bytes
 Hardware stack levels used:    1
 Hardware stack levels required when called:    9
 This function calls:
		_SetMotorLeft
		_SetMotorRight
 This function is called by:
		_Go
 This function uses a non-reentrant model


 *************** function _TurnRight135 *****************
 Defined at:
		line 72 in file "driver.c"
 Parameters:    Size  Location     Type
		None
 Auto vars:     Size  Location     Type
		None
 Return value:  Size  Location     Type
                  1    wreg      void 
 Registers used:
		wreg, status,2, status,0, cstack
 Tracked objects:
		On entry : 
		On exit  : 
		Unchanged: 
 Data sizes:     COMRAM   BANK0   BANK1   BANK2   BANK3   BANK4   BANK5
      Params:         0       0       0       0       0       0       0
      Locals:         0       0       0       0       0       0       0
      Temps:          0       1       0       0       0       0       0
      Totals:         0       1       0       0       0       0       0
Total ram usage:        1 bytes
 Hardware stack levels used:    1
 Hardware stack levels required when called:    9
 This function calls:
		_SetMotorLeft
		_SetMotorRight
 This function is called by:
		_Go
 This function uses a non-reentrant model


 *************** function _TurnLeft90 *****************
 Defined at:
		line 66 in file "driver.c"
 Parameters:    Size  Location     Type
		None
 Auto vars:     Size  Location     Type
		None
 Return value:  Size  Location     Type
                  1    wreg      void 
 Registers used:
		wreg, status,2, status,0, cstack
 Tracked objects:
		On entry : 
		On exit  : 
		Unchanged: 
 Data sizes:     COMRAM   BANK0   BANK1   BANK2   BANK3   BANK4   BANK5
      Params:         0       0       0       0       0       0       0
      Locals:         0       0       0       0       0       0       0
      Temps:          0       1       0       0       0       0       0
      Totals:         0       1       0       0       0       0       0
Total ram usage:        1 bytes
 Hardware stack levels used:    1
 Hardware stack levels required when called:    9
 This function calls:
		_SetMotorLeft
		_SetMotorRight
 This function is called by:
		_Go
 This function uses a non-reentrant model


 *************** function _TurnLeft135 *****************
 Defined at:
		line 78 in file "driver.c"
 Parameters:    Size  Location     Type
		None
 Auto vars:     Size  Location     Type
		None
 Return value:  Size  Location     Type
                  1    wreg      void 
 Registers used:
		wreg, status,2, status,0, cstack
 Tracked objects:
		On entry : 
		On exit  : 
		Unchanged: 
 Data sizes:     COMRAM   BANK0   BANK1   BANK2   BANK3   BANK4   BANK5
      Params:         0       0       0       0       0       0       0
      Locals:         0       0       0       0       0       0       0
      Temps:          0       1       0       0       0       0       0
      Totals:         0       1       0       0       0       0       0
Total ram usage:        1 bytes
 Hardware stack levels used:    1
 Hardware stack levels required when called:    9
 This function calls:
		_SetMotorLeft
		_SetMotorRight
 This function is called by:
		_Go
 This function uses a non-reentrant model


 *************** function _SetMotorRight *****************
 Defined at:
		line 57 in file "motors.c"
 Parameters:    Size  Location     Type
  speed           2    9[BANK0 ] int 
 Auto vars:     Size  Location     Type
		None
 Return value:  Size  Location     Type
                  1    wreg      void 
 Registers used:
		wreg, status,2, status,0, cstack
 Tracked objects:
		On entry : 
		On exit  : 
		Unchanged: 
 Data sizes:     COMRAM   BANK0   BANK1   BANK2   BANK3   BANK4   BANK5
      Params:         0       2       0       0       0       0       0
      Locals:         0       0       0       0       0       0       0
      Temps:          0       0       0       0       0       0       0
      Totals:         0       2       0       0       0       0       0
Total ram usage:        2 bytes
 Hardware stack levels used:    1
 Hardware stack levels required when called:    8
 This function calls:
		_SetPWMMotorRight
		_abs
 This function is called by:
		_main
		_Go
		_TurnRight90
		_TurnLeft90
		_TurnRight135
		_TurnLeft135
		_Turn180
		_GoBack
 This function uses a non-reentrant model


 *************** function _SetPWMMotorRight *****************
 Defined at:
		line 34 in file "TimerPWM.c"
 Parameters:    Size  Location     Type
  percentage      2    7[BANK0 ] unsigned int 
 Auto vars:     Size  Location     Type
		None
 Return value:  Size  Location     Type
                  1    wreg      void 
 Registers used:
		wreg, status,2, status,0, cstack
 Tracked objects:
		On entry : 
		On exit  : 
		Unchanged: 
 Data sizes:     COMRAM   BANK0   BANK1   BANK2   BANK3   BANK4   BANK5
      Params:         0       2       0       0       0       0       0
      Locals:         0       0       0       0       0       0       0
      Temps:          0       0       0       0       0       0       0
      Totals:         0       2       0       0       0       0       0
Total ram usage:        2 bytes
 Hardware stack levels used:    1
 Hardware stack levels required when called:    7
 This function calls:
		___lwdiv
 This function is called by:
		_MotorInit
		_SetMotorRight
 This function uses a non-reentrant model


 *************** function _SetMotorLeft *****************
 Defined at:
		line 38 in file "motors.c"
 Parameters:    Size  Location     Type
  speed           2    9[BANK0 ] int 
 Auto vars:     Size  Location     Type
		None
 Return value:  Size  Location     Type
                  1    wreg      void 
 Registers used:
		wreg, status,2, status,0, cstack
 Tracked objects:
		On entry : 
		On exit  : 
		Unchanged: 
 Data sizes:     COMRAM   BANK0   BANK1   BANK2   BANK3   BANK4   BANK5
      Params:         0       2       0       0       0       0       0
      Locals:         0       0       0       0       0       0       0
      Temps:          0       0       0       0       0       0       0
      Totals:         0       2       0       0       0       0       0
Total ram usage:        2 bytes
 Hardware stack levels used:    1
 Hardware stack levels required when called:    8
 This function calls:
		_SetPWMMotorLeft
		_abs
 This function is called by:
		_main
		_Go
		_TurnRight90
		_TurnLeft90
		_TurnRight135
		_TurnLeft135
		_Turn180
		_GoBack
 This function uses a non-reentrant model


 *************** function _abs *****************
 Defined at:
		line 4 in file "C:\Program Files (x86)\Microchip\xc8\v1.36\sources\common\abs.c"
 Parameters:    Size  Location     Type
  a               2    0[BANK0 ] int 
 Auto vars:     Size  Location     Type
		None
 Return value:  Size  Location     Type
                  2    0[BANK0 ] int 
 Registers used:
		wreg, status,2, status,0
 Tracked objects:
		On entry : 
		On exit  : 
		Unchanged: 
 Data sizes:     COMRAM   BANK0   BANK1   BANK2   BANK3   BANK4   BANK5
      Params:         0       2       0       0       0       0       0
      Locals:         0       0       0       0       0       0       0
      Temps:          0       2       0       0       0       0       0
      Totals:         0       4       0       0       0       0       0
Total ram usage:        4 bytes
 Hardware stack levels used:    1
 Hardware stack levels required when called:    6
 This function calls:
		Nothing
 This function is called by:
		_SetMotorLeft
		_SetMotorRight
		_WriteSpeedInLCD
 This function uses a non-reentrant model


 *************** function _SetPWMMotorLeft *****************
 Defined at:
		line 30 in file "TimerPWM.c"
 Parameters:    Size  Location     Type
  percentage      2    7[BANK0 ] unsigned int 
 Auto vars:     Size  Location     Type
		None
 Return value:  Size  Location     Type
                  1    wreg      void 
 Registers used:
		wreg, status,2, status,0, cstack
 Tracked objects:
		On entry : 
		On exit  : 
		Unchanged: 
 Data sizes:     COMRAM   BANK0   BANK1   BANK2   BANK3   BANK4   BANK5
      Params:         0       2       0       0       0       0       0
      Locals:         0       0       0       0       0       0       0
      Temps:          0       0       0       0       0       0       0
      Totals:         0       2       0       0       0       0       0
Total ram usage:        2 bytes
 Hardware stack levels used:    1
 Hardware stack levels required when called:    7
 This function calls:
		___lwdiv
 This function is called by:
		_MotorInit
		_SetMotorLeft
 This function uses a non-reentrant model


 *************** function ___lwdiv *****************
 Defined at:
		line 8 in file "C:\Program Files (x86)\Microchip\xc8\v1.36\sources\common\lwdiv.c"
 Parameters:    Size  Location     Type
  dividend        2    0[BANK0 ] unsigned int 
  divisor         2    2[BANK0 ] unsigned int 
 Auto vars:     Size  Location     Type
  quotient        2    4[BANK0 ] unsigned int 
  counter         1    6[BANK0 ] unsigned char 
 Return value:  Size  Location     Type
                  2    0[BANK0 ] unsigned int 
 Registers used:
		wreg, status,2, status,0
 Tracked objects:
		On entry : 
		On exit  : 
		Unchanged: 
 Data sizes:     COMRAM   BANK0   BANK1   BANK2   BANK3   BANK4   BANK5
      Params:         0       4       0       0       0       0       0
      Locals:         0       3       0       0       0       0       0
      Temps:          0       0       0       0       0       0       0
      Totals:         0       7       0       0       0       0       0
Total ram usage:        7 bytes
 Hardware stack levels used:    1
 Hardware stack levels required when called:    6
 This function calls:
		Nothing
 This function is called by:
		_SetPWMMotorLeft
		_SetPWMMotorRight
 This function uses a non-reentrant model


 *************** function _ReadParallelSpeedRight *****************
 Defined at:
		line 44 in file "parallel.c"
 Parameters:    Size  Location     Type
		None
 Auto vars:     Size  Location     Type
		None
 Return value:  Size  Location     Type
                  2    0[BANK0 ] int 
 Registers used:
		None
 Tracked objects:
		On entry : 
		On exit  : 
		Unchanged: 
 Data sizes:     COMRAM   BANK0   BANK1   BANK2   BANK3   BANK4   BANK5
      Params:         0       2       0       0       0       0       0
      Locals:         0       0       0       0       0       0       0
      Temps:          0       0       0       0       0       0       0
      Totals:         0       2       0       0       0       0       0
Total ram usage:        2 bytes
 Hardware stack levels used:    1
 Hardware stack levels required when called:    6
 This function calls:
		Nothing
 This function is called by:
		_Go
 This function uses a non-reentrant model


 *************** function _ReadParallelSpeedLeft *****************
 Defined at:
		line 47 in file "parallel.c"
 Parameters:    Size  Location     Type
		None
 Auto vars:     Size  Location     Type
		None
 Return value:  Size  Location     Type
                  2    0[BANK0 ] int 
 Registers used:
		None
 Tracked objects:
		On entry : 
		On exit  : 
		Unchanged: 
 Data sizes:     COMRAM   BANK0   BANK1   BANK2   BANK3   BANK4   BANK5
      Params:         0       2       0       0       0       0       0
      Locals:         0       0       0       0       0       0       0
      Temps:          0       0       0       0       0       0       0
      Totals:         0       2       0       0       0       0       0
Total ram usage:        2 bytes
 Hardware stack levels used:    1
 Hardware stack levels required when called:    6
 This function calls:
		Nothing
 This function is called by:
		_Go
 This function uses a non-reentrant model


 *************** function _ReadParallel *****************
 Defined at:
		line 29 in file "parallel.c"
 Parameters:    Size  Location     Type
		None
 Auto vars:     Size  Location     Type
  left            1    5[BANK0 ] unsigned char 
  lecture         1    4[BANK0 ] unsigned char 
  right           1    3[BANK0 ] unsigned char 
 Return value:  Size  Location     Type
                  1    wreg      void 
 Registers used:
		wreg, status,2, status,0, cstack
 Tracked objects:
		On entry : 
		On exit  : 
		Unchanged: 
 Data sizes:     COMRAM   BANK0   BANK1   BANK2   BANK3   BANK4   BANK5
      Params:         0       0       0       0       0       0       0
      Locals:         0       3       0       0       0       0       0
      Temps:          0       0       0       0       0       0       0
      Totals:         0       3       0       0       0       0       0
Total ram usage:        3 bytes
 Hardware stack levels used:    1
 Hardware stack levels required when called:    7
 This function calls:
		_ConvertParallelSpeed
 This function is called by:
		_Go
 This function uses a non-reentrant model


 *************** function _ConvertParallelSpeed *****************
 Defined at:
		line 54 in file "parallel.c"
 Parameters:    Size  Location     Type
  velocity        1    wreg     unsigned char 
 Auto vars:     Size  Location     Type
  velocity        1    2[BANK0 ] unsigned char 
 Return value:  Size  Location     Type
                  2    0[BANK0 ] int 
 Registers used:
		wreg, status,2, status,0
 Tracked objects:
		On entry : 
		On exit  : 
		Unchanged: 
 Data sizes:     COMRAM   BANK0   BANK1   BANK2   BANK3   BANK4   BANK5
      Params:         0       2       0       0       0       0       0
      Locals:         0       1       0       0       0       0       0
      Temps:          0       0       0       0       0       0       0
      Totals:         0       3       0       0       0       0       0
Total ram usage:        3 bytes
 Hardware stack levels used:    1
 Hardware stack levels required when called:    6
 This function calls:
		Nothing
 This function is called by:
		_ReadParallel
 This function uses a non-reentrant model


 *************** function _ReadMode *****************
 Defined at:
		line 51 in file "parallel.c"
 Parameters:    Size  Location     Type
		None
 Auto vars:     Size  Location     Type
		None
 Return value:  Size  Location     Type
                  2    0[BANK0 ] unsigned int 
 Registers used:
		None
 Tracked objects:
		On entry : 
		On exit  : 
		Unchanged: 
 Data sizes:     COMRAM   BANK0   BANK1   BANK2   BANK3   BANK4   BANK5
      Params:         0       2       0       0       0       0       0
      Locals:         0       0       0       0       0       0       0
      Temps:          0       0       0       0       0       0       0
      Totals:         0       2       0       0       0       0       0
Total ram usage:        2 bytes
 Hardware stack levels used:    1
 Hardware stack levels required when called:    6
 This function calls:
		Nothing
 This function is called by:
		_Go
 This function uses a non-reentrant model


 *************** function _ReadDistanceRight *****************
 Defined at:
		line 67 in file "ADC.c"
 Parameters:    Size  Location     Type
		None
 Auto vars:     Size  Location     Type
		None
 Return value:  Size  Location     Type
                  2    0[BANK0 ] unsigned int 
 Registers used:
		None
 Tracked objects:
		On entry : 
		On exit  : 
		Unchanged: 
 Data sizes:     COMRAM   BANK0   BANK1   BANK2   BANK3   BANK4   BANK5
      Params:         0       2       0       0       0       0       0
      Locals:         0       0       0       0       0       0       0
      Temps:          0       0       0       0       0       0       0
      Totals:         0       2       0       0       0       0       0
Total ram usage:        2 bytes
 Hardware stack levels used:    1
 Hardware stack levels required when called:    6
 This function calls:
		Nothing
 This function is called by:
		_Go
 This function uses a non-reentrant model


 *************** function _ReadDistanceLeft *****************
 Defined at:
		line 58 in file "ADC.c"
 Parameters:    Size  Location     Type
		None
 Auto vars:     Size  Location     Type
		None
 Return value:  Size  Location     Type
                  2    0[BANK0 ] unsigned int 
 Registers used:
		None
 Tracked objects:
		On entry : 
		On exit  : 
		Unchanged: 
 Data sizes:     COMRAM   BANK0   BANK1   BANK2   BANK3   BANK4   BANK5
      Params:         0       2       0       0       0       0       0
      Locals:         0       0       0       0       0       0       0
      Temps:          0       0       0       0       0       0       0
      Totals:         0       2       0       0       0       0       0
[...]
 Tracked objects:
		On entry : 
		On exit  : 
		Unchanged: 
 Data sizes:     COMRAM   BANK0   BANK1   BANK2   BANK3   BANK4   BANK5
      Params:         1       0       0       0       0       0       0
      Locals:         4       0       0       0       0       0       0
      Temps:          0       0       0       0       0       0       0
      Totals:         5       0       0       0       0       0       0
Total ram usage:        5 bytes
 Hardware stack levels used:    1
 Hardware stack levels required when called:    1
 This function calls:
		i2_LCDBusyLoop
 This function is called by:
		_LCDWriteString
		_LCDWriteInt
		_LCDGotoXY
 This function uses a non-reentrant model


 *************** function i2_LCDBusyLoop *****************
 Defined at:
		line 138 in file "lcd_hd44780_pic16.c"
 Parameters:    Size  Location     Type
		None
 Auto vars:     Size  Location     Type
  LCDBusyLoop     1    2[COMRAM] unsigned char 
  LCDBusyLoop     1    1[COMRAM] unsigned char 
  LCDBusyLoop     1    0[COMRAM] unsigned char 
 Return value:  Size  Location     Type
                  1    wreg      void 
 Registers used:
		wreg, status,2, status,0
 Tracked objects:
		On entry : 
		On exit  : 
		Unchanged: 
 Data sizes:     COMRAM   BANK0   BANK1   BANK2   BANK3   BANK4   BANK5
      Params:         0       0       0       0       0       0       0
      Locals:         3       0       0       0       0       0       0
      Temps:          0       0       0       0       0       0       0
      Totals:         3       0       0       0       0       0       0
Total ram usage:        3 bytes
 Hardware stack levels used:    1
 This function calls:
		Nothing
 This function is called by:
		i2_LCDByte
 This function uses a non-reentrant model


 *************** function _SetDistanceLeft *****************
 Defined at:
		line 54 in file "ADC.c"
 Parameters:    Size  Location     Type
  lecture         2   53[COMRAM] unsigned int 
 Auto vars:     Size  Location     Type
		None
 Return value:  Size  Location     Type
                  1    wreg      void 
 Registers used:
		wreg, status,2, status,0, cstack
 Tracked objects:
		On entry : 
		On exit  : 
		Unchanged: 
 Data sizes:     COMRAM   BANK0   BANK1   BANK2   BANK3   BANK4   BANK5
      Params:         2       0       0       0       0       0       0
      Locals:         0       0       0       0       0       0       0
      Temps:          2       0       0       0       0       0       0
      Totals:         4       0       0       0       0       0       0
Total ram usage:        4 bytes
 Hardware stack levels used:    1
 Hardware stack levels required when called:    2
 This function calls:
		___ftadd
		___ftmul
		___fttol
		___lwtoft
 This function is called by:
		_isr
 This function uses a non-reentrant model


 *************** function _SetDistanceCentral *****************
 Defined at:
		line 71 in file "ADC.c"
 Parameters:    Size  Location     Type
  lecture         2   53[COMRAM] unsigned int 
 Auto vars:     Size  Location     Type
		None
 Return value:  Size  Location     Type
                  1    wreg      void 
 Registers used:
		wreg, status,2, status,0, cstack
 Tracked objects:
		On entry : 
		On exit  : 
		Unchanged: 
 Data sizes:     COMRAM   BANK0   BANK1   BANK2   BANK3   BANK4   BANK5
      Params:         2       0       0       0       0       0       0
      Locals:         0       0       0       0       0       0       0
      Temps:          2       0       0       0       0       0       0
      Totals:         4       0       0       0       0       0       0
Total ram usage:        4 bytes
 Hardware stack levels used:    1
 Hardware stack levels required when called:    2
 This function calls:
		___ftadd
		___ftmul
		___fttol
		___lwtoft
 This function is called by:
		_isr
 This function uses a non-reentrant model


 *************** function _SetBattery *****************
 Defined at:
		line 80 in file "ADC.c"
 Parameters:    Size  Location     Type
  lecture         2   53[COMRAM] unsigned int 
 Auto vars:     Size  Location     Type
		None
 Return value:  Size  Location     Type
                  1    wreg      void 
 Registers used:
		wreg, status,2, status,0, cstack
 Tracked objects:
		On entry : 
		On exit  : 
		Unchanged: 
 Data sizes:     COMRAM   BANK0   BANK1   BANK2   BANK3   BANK4   BANK5
      Params:         2       0       0       0       0       0       0
      Locals:         3       0       0       0       0       0       0
      Temps:          0       0       0       0       0       0       0
      Totals:         5       0       0       0       0       0       0
Total ram usage:        5 bytes
 Hardware stack levels used:    1
 Hardware stack levels required when called:    2
 This function calls:
		___ftadd
		___ftmul
		___fttol
		___lwtoft
 This function is called by:
		_isr
 This function uses a non-reentrant model


 *************** function ___lwtoft *****************
 Defined at:
		line 28 in file "C:\Program Files (x86)\Microchip\xc8\v1.36\sources\common\lwtoft.c"
 Parameters:    Size  Location     Type
  c               2    8[COMRAM] unsigned int 
 Auto vars:     Size  Location     Type
		None
 Return value:  Size  Location     Type
                  3    8[COMRAM] float 
 Registers used:
		wreg, status,2, status,0, cstack
 Tracked objects:
		On entry : 
		On exit  : 
		Unchanged: 
 Data sizes:     COMRAM   BANK0   BANK1   BANK2   BANK3   BANK4   BANK5
      Params:         3       0       0       0       0       0       0
      Locals:         0       0       0       0       0       0       0
      Temps:          0       0       0       0       0       0       0
      Totals:         3       0       0       0       0       0       0
Total ram usage:        3 bytes
 Hardware stack levels used:    1
 Hardware stack levels required when called:    1
 This function calls:
		___ftpack
 This function is called by:
		_SetDistanceLeft
		_SetDistanceRight
		_SetDistanceCentral
		_SetBattery
 This function uses a non-reentrant model


 *************** function ___fttol *****************
 Defined at:
		line 44 in file "C:\Program Files (x86)\Microchip\xc8\v1.36\sources\common\fttol.c"
 Parameters:    Size  Location     Type
  f1              3   38[COMRAM] float 
 Auto vars:     Size  Location     Type
  lval            4   48[COMRAM] unsigned long 
  exp1            1   52[COMRAM] unsigned char 
  sign1           1   47[COMRAM] unsigned char 
 Return value:  Size  Location     Type
                  4   38[COMRAM] long 
 Registers used:
		wreg, status,2, status,0
 Tracked objects:
		On entry : 
		On exit  : 
		Unchanged: 
 Data sizes:     COMRAM   BANK0   BANK1   BANK2   BANK3   BANK4   BANK5
      Params:         4       0       0       0       0       0       0
      Locals:         6       0       0       0       0       0       0
      Temps:          5       0       0       0       0       0       0
      Totals:        15       0       0       0       0       0       0
Total ram usage:       15 bytes
 Hardware stack levels used:    1
 This function calls:
		Nothing
 This function is called by:
		_SetDistanceLeft
		_SetDistanceRight
		_SetDistanceCentral
		_SetBattery
 This function uses a non-reentrant model


 *************** function ___ftmul *****************
 Defined at:
		line 62 in file "C:\Program Files (x86)\Microchip\xc8\v1.36\sources\common\ftmul.c"
 Parameters:    Size  Location     Type
  f1              3   11[COMRAM] float 
  f2              3   14[COMRAM] float 
 Auto vars:     Size  Location     Type
  f3_as_produc    3   21[COMRAM] unsigned um
  sign            1   25[COMRAM] unsigned char 
  cntr            1   24[COMRAM] unsigned char 
  exp             1   20[COMRAM] unsigned char 
 Return value:  Size  Location     Type
                  3   11[COMRAM] float 
 Registers used:
		wreg, status,2, status,0, cstack
 Tracked objects:
		On entry : 
		On exit  : 
		Unchanged: 
 Data sizes:     COMRAM   BANK0   BANK1   BANK2   BANK3   BANK4   BANK5
      Params:         6       0       0       0       0       0       0
      Locals:         6       0       0       0       0       0       0
      Temps:          3       0       0       0       0       0       0
      Totals:        15       0       0       0       0       0       0
Total ram usage:       15 bytes
 Hardware stack levels used:    1
 Hardware stack levels required when called:    1
 This function calls:
		___ftpack
 This function is called by:
		_SetDistanceLeft
		_SetDistanceRight
		_SetDistanceCentral
		_SetBattery
 This function uses a non-reentrant model


 *************** function ___ftadd *****************
 Defined at:
		line 86 in file "C:\Program Files (x86)\Microchip\xc8\v1.36\sources\common\ftadd.c"
 Parameters:    Size  Location     Type
  f1              3   26[COMRAM] float 
  f2              3   29[COMRAM] float 
 Auto vars:     Size  Location     Type
  exp1            1   37[COMRAM] unsigned char 
  exp2            1   36[COMRAM] unsigned char 
  sign            1   35[COMRAM] unsigned char 
 Return value:  Size  Location     Type
                  3   26[COMRAM] float 
 Registers used:
		wreg, status,2, status,0, cstack
 Tracked objects:
		On entry : 
		On exit  : 
		Unchanged: 
 Data sizes:     COMRAM   BANK0   BANK1   BANK2   BANK3   BANK4   BANK5
      Params:         6       0       0       0       0       0       0
      Locals:         3       0       0       0       0       0       0
      Temps:          3       0       0       0       0       0       0
      Totals:        12       0       0       0       0       0       0
Total ram usage:       12 bytes
 Hardware stack levels used:    1
 Hardware stack levels required when called:    1
 This function calls:
		___ftpack
 This function is called by:
		_SetDistanceLeft
		_SetDistanceRight
		_SetDistanceCentral
		_SetBattery
 This function uses a non-reentrant model


 *************** function ___ftpack *****************
 Defined at:
		line 62 in file "C:\Program Files (x86)\Microchip\xc8\v1.36\sources\common\float.c"
 Parameters:    Size  Location     Type
  arg             3    0[COMRAM] unsigned um
  exp             1    3[COMRAM] unsigned char 
  sign            1    4[COMRAM] unsigned char 
 Auto vars:     Size  Location     Type
		None
 Return value:  Size  Location     Type
                  3    0[COMRAM] float 
 Registers used:
		wreg, status,2, status,0
 Tracked objects:
		On entry : 
		On exit  : 
		Unchanged: 
 Data sizes:     COMRAM   BANK0   BANK1   BANK2   BANK3   BANK4   BANK5
      Params:         5       0       0       0       0       0       0
      Locals:         0       0       0       0       0       0       0
      Temps:          3       0       0       0       0       0       0
      Totals:         8       0       0       0       0       0       0
Total ram usage:        8 bytes
 Hardware stack levels used:    1
 This function calls:
		Nothing
 This function is called by:
		___ftadd
		___ftmul
		___lwtoft
 This function uses a non-reentrant model


 *************** function _ReadUSART *****************
 Defined at:
		line 15 in file "C:\Program Files (x86)\Microchip\xc8\v1.36\sources\pic18\plib\USART\uread.c"
 Parameters:    Size  Location     Type
		None
 Auto vars:     Size  Location     Type
  data            1    0[COMRAM] unsigned char 
 Return value:  Size  Location     Type
                  1    wreg      unsigned char 
 Registers used:
		wreg, status,2, status,0
 Tracked objects:
		On entry : 
		On exit  : 
		Unchanged: 
 Data sizes:     COMRAM   BANK0   BANK1   BANK2   BANK3   BANK4   BANK5
      Params:         0       0       0       0       0       0       0
      Locals:         1       0       0       0       0       0       0
      Temps:          0       0       0       0       0       0       0
      Totals:         1       0       0       0       0       0       0
Total ram usage:        1 bytes
 Hardware stack levels used:    1
 This function calls:
		Nothing
 This function is called by:
		_isr
 This function uses a non-reentrant model


 *************** function _ReadPWMMotorRight *****************
 Defined at:
		line 38 in file "TimerPWM.c"
 Parameters:    Size  Location     Type
		None
 Auto vars:     Size  Location     Type
		None
 Return value:  Size  Location     Type
                  2    0[COMRAM] unsigned int 
 Registers used:
		None
 Tracked objects:
		On entry : 
		On exit  : 
		Unchanged: 
 Data sizes:     COMRAM   BANK0   BANK1   BANK2   BANK3   BANK4   BANK5
      Params:         2       0       0       0       0       0       0
      Locals:         0       0       0       0       0       0       0
      Temps:          0       0       0       0       0       0       0
      Totals:         2       0       0       0       0       0       0
Total ram usage:        2 bytes
 Hardware stack levels used:    1
 This function calls:
		Nothing
 This function is called by:
		_isr
 This function uses a non-reentrant model


 *************** function _ReadPWMMotorLeft *****************
 Defined at:
		line 42 in file "TimerPWM.c"
 Parameters:    Size  Location     Type
		None
 Auto vars:     Size  Location     Type
		None
 Return value:  Size  Location     Type
                  2    0[COMRAM] unsigned int 
 Registers used:
		None
 Tracked objects:
		On entry : 
		On exit  : 
		Unchanged: 
 Data sizes:     COMRAM   BANK0   BANK1   BANK2   BANK3   BANK4   BANK5
      Params:         2       0       0       0       0       0       0
      Locals:         0       0       0       0       0       0       0
      Temps:          0       0       0       0       0       0       0
      Totals:         2       0       0       0       0       0       0
Total ram usage:        2 bytes
 Hardware stack levels used:    1
 This function calls:
		Nothing
 This function is called by:
		_isr
 This function uses a non-reentrant model


 *************** function _ADCGetOutput *****************
 Defined at:
		line 38 in file "ADC.c"
 Parameters:    Size  Location     Type
		None
 Auto vars:     Size  Location     Type
  temp            2    4[COMRAM] int 
 Return value:  Size  Location     Type
                  2    0[COMRAM] unsigned int 
 Registers used:
		wreg, status,2, status,0
 Tracked objects:
		On entry : 
		On exit  : 
		Unchanged: 
 Data sizes:     COMRAM   BANK0   BANK1   BANK2   BANK3   BANK4   BANK5
      Params:         2       0       0       0       0       0       0
      Locals:         2       0       0       0       0       0       0
      Temps:          2       0       0       0       0       0       0
      Totals:         6       0       0       0       0       0       0
Total ram usage:        6 bytes
 Hardware stack levels used:    1
 This function calls:
		Nothing
 This function is called by:
		_isr
 This function uses a non-reentrant model



MODULE INFORMATION

Module		Function		Class		Link	Load	Size
serial.c
		_SetSpeedLeft  		CODE           	1912	0000	19
		_SetSpeedRight 		CODE           	1900	0000	19
		_ConvertPicSpeed		CODE           	0D36	0000	195

serial.c estimated size: 233

C:\Program Files (x86)\Microchip\xc8\v1.36\sources\common\fttol.c
		___fttol       		CODE           	0A70	0000	245

C:\Program Files (x86)\Microchip\xc8\v1.36\sources\common\fttol.c estimated size: 245

motors.c
		_SetMotorLeft  		CODE           	1550	0000	71
		_MotorInit     		CODE           	1826	0000	43
		_SetMotorRight 		CODE           	150A	0000	71

motors.c estimated size: 185

C:\Program Files (x86)\Microchip\xc8\v1.36\sources\common\awdiv.c
		___awdiv       		CODE           	104C	0000	133

C:\Program Files (x86)\Microchip\xc8\v1.36\sources\common\awdiv.c estimated size: 133

interrupts.c
		_isr           		CODE           	0008	0000	523

interrupts.c estimated size: 523

C:\Program Files (x86)\Microchip\xc8\v1.36\sources\common\ftadd.c
		___ftadd       		CODE           	063E	0000	429

C:\Program Files (x86)\Microchip\xc8\v1.36\sources\common\ftadd.c estimated size: 429

C:\Program Files (x86)\Microchip\xc8\v1.36\sources\pic18\plib\USART\uread.c
		_ReadUSART     		CODE           	18B6	0000	31

C:\Program Files (x86)\Microchip\xc8\v1.36\sources\pic18\plib\USART\uread.c estimated size: 31

C:\Program Files (x86)\Microchip\xc8\v1.36\sources\common\lwtoft.c
		___lwtoft      		CODE           	1874	0000	37

C:\Program Files (x86)\Microchip\xc8\v1.36\sources\common\lwtoft.c estimated size: 37

parallel.c
		_ReadMode      		CODE           	1938	0000	11
		_ReadParallelSpeedLeft		CODE           	192E	0000	11
		_ReadParallel  		CODE           	1378	0000	91
		_ReadParallelSpeedRight		CODE           	1924	0000	11
		_ConvertParallelSpeed		CODE           	0C58	0000	223
		_parallelInit  		CODE           	1974	0000	9

parallel.c estimated size: 356

driver.c
		_Go            		CODE           	07EA	0000	393
		_TurnLeft90    		CODE           	176A	0000	51
		_TurnLeft135   		CODE           	179C	0000	51
		_TurnRight90   		CODE           	1706	0000	51
		_TurnRight135  		CODE           	1738	0000	51

driver.c estimated size: 597

C:\Program Files (x86)\Microchip\xc8\v1.36\sources\pic18\plib\USART\uputs.c
		_putsUSART     		CODE           	17FA	0000	45

C:\Program Files (x86)\Microchip\xc8\v1.36\sources\pic18\plib\USART\uputs.c estimated size: 45

TimerPWM.c
		_SetPWMMotorRight		CODE           	1692	0000	59
		_TimerPWMInit  		CODE           	1898	0000	31
		_ReadPWMMotorLeft		CODE           	196A	0000	11
		_ReadPWMMotorRight		CODE           	1960	0000	11
		_SetPWMMotorLeft		CODE           	16CC	0000	59

TimerPWM.c estimated size: 171

C:\Program Files (x86)\Microchip\xc8\v1.36\sources\common\float.c
		___ftpack      		CODE           	0DF8	0000	175

C:\Program Files (x86)\Microchip\xc8\v1.36\sources\common\float.c estimated size: 175

C:\Program Files (x86)\Microchip\xc8\v1.36\sources\common\abs.c
		_abs           		CODE           	17CE	0000	45

C:\Program Files (x86)\Microchip\xc8\v1.36\sources\common\abs.c estimated size: 45

shared
		i2_LCDByte     		CODE           	15D6	0000	65
		__initialization		CODE           	14C4	0000	57
		i2_LCDBusyLoop 		CODE           	1616	0000	65

shared estimated size: 187

ADC.c
		_ADCInitiateConversion		CODE           	197C	0000	5
		_ReadDistanceRight		CODE           	1942	0000	11
		_SetBattery    		CODE           	0FC6	0000	135
		_ADCInit       		CODE           	1850	0000	37
		_SetDistanceRight		CODE           	1148	0000	119
		_ShowLecturesInLCD		CODE           	1312	0000	103
		_ADCGetOutput  		CODE           	18D4	0000	27
		_ReadDistanceCentral		CODE           	1956	0000	11
		_SetDistanceCentral		CODE           	1230	0000	115
		_SetDistanceLeft		CODE           	11BE	0000	115
		_ReadDistanceLeft		CODE           	194C	0000	11

ADC.c estimated size: 689

lcd_hd44780_pic16.c
		_LCDByte       		CODE           	13D2	0000	87
		_LCDWriteInt   		CODE           	0972	0000	255
		_LCDInit       		CODE           	0EA6	0000	147
		_LCDWriteString		CODE           	0F38	0000	143
		_LCDGotoXY     		CODE           	1596	0000	65
		_LCDBusyLoop   		CODE           	1428	0000	87

lcd_hd44780_pic16.c estimated size: 784

C:\Program Files (x86)\Microchip\xc8\v1.36\sources\common\ftmul.c
		___ftmul       		CODE           	0B64	0000	245

C:\Program Files (x86)\Microchip\xc8\v1.36\sources\common\ftmul.c estimated size: 245

C:\Program Files (x86)\Microchip\xc8\v1.36\sources\common\awmod.c
		___awmod       		CODE           	12A2	0000	113

C:\Program Files (x86)\Microchip\xc8\v1.36\sources\common\awmod.c estimated size: 113

C:\Program Files (x86)\Microchip\xc8\v1.36\sources\pic18\plib\USART\uwrite.c
		_WriteUSART    		CODE           	18EE	0000	19

C:\Program Files (x86)\Microchip\xc8\v1.36\sources\pic18\plib\USART\uwrite.c estimated size: 19

main.c
		_main          		CODE           	1656	0000	61

main.c estimated size: 61

C:\Program Files (x86)\Microchip\xc8\v1.36\sources\common\lwdiv.c
		___lwdiv       		CODE           	10D0	0000	121

C:\Program Files (x86)\Microchip\xc8\v1.36\sources\common\lwdiv.c estimated size: 121

